
17:34:01 Build Finished (took 5s.826ms)

17:34:01 **** Clean-only build of configuration Debug for project lab3 ****
make clean 
rm -rf  ./src/fir.o ./src/lab3.o ./src/platform.o  ./src/fir.d ./src/lab3.d ./src/platform.d  lab3.elf.size  lab3.elf
 
17:34:02 **** Build of project system_platform ****
buildplatform.sh 37291 system_platform  
XSDB Server Channel: tcfchan#16
Building the BSP Library for domain  - standalone_ps7_cortexa9_0 on processor ps7_cortexa9_0
make --no-print-directory seq_libs

Finished building libraries sequentially.

make -j 4 --no-print-directory par_libs

Running Make include in ps7_cortexa9_0/libsrc/gpiops_v3_9/src

make -C ps7_cortexa9_0/libsrc/gpiops_v3_9/src -s include  "SHELL=/bin/sh" "COMPILER=arm-none-eabi-gcc" "ASSEMBLER=arm-none-eabi
-as" "ARCHIVER=arm-none-eabi-ar" "COMPILER_FLAGS=  -O2 -c" "EXTRA_COMPILER_FLAGS=-mcpu=cortex-a9 -mfpu=vfpv3 -mfloat-abi=hard -
nostartfiles -g -Wall -Wextra -fno-tree-loop-distribute-patterns -pg"

Running Make include in ps7_cortexa9_0/libsrc/scuwdt_v2_4/src

make -C ps7_cortexa9_0/libsrc/scuwdt_v2_4/src -s include  "SHELL=/bin/sh" "COMPILER=arm-none-eabi-gcc" "ASSEMBLER=arm-none-eabi
-as" "ARCHIVER=arm-none-eabi-ar" "COMPILER_FLAGS=  -O2 -c" "EXTRA_COMPILER_FLAGS=-mcpu=cortex-a9 -mfpu=vfpv3 -mfloat-abi=hard -
nostartfiles -g -Wall -Wextra -fno-tree-loop-distribute-patterns -pg"

Running Make include in ps7_cortexa9_0/libsrc/devcfg_v3_7/src

make -C ps7_cortexa9_0/libsrc/devcfg_v3_7/src -s include  "SHELL=/bin/sh" "COMPILER=arm-none-eabi-gcc" "ASSEMBLER=arm-none-eabi
-as" "ARCHIVER=arm-none-eabi-ar" "COMPILER_FLAGS=  -O2 -c" "EXTRA_COMPILER_FLAGS=-mcpu=cortex-a9 -mfpu=vfpv3 -mfloat-abi=hard -
nostartfiles -g -Wall -Wextra -fno-tree-loop-distribute-patterns -pg"

Running Make include in ps7_cortexa9_0/libsrc/scugic_v4_6/src

make -C ps7_cortexa9_0/libsrc/scugic_v4_6/src -s include  "SHELL=/bin/sh" "COMPILER=arm-none-eabi-gcc" "ASSEMBLER=arm-none-eabi
-as" "ARCHIVER=arm-none-eabi-ar" "COMPILER_FLAGS=  -O2 -c" "EXTRA_COMPILER_FLAGS=-mcpu=cortex-a9 -mfpu=vfpv3 -mfloat-abi=hard -
nostartfiles -g -Wall -Wextra -fno-tree-loop-distribute-patterns -pg"

Running Make include in ps7_cortexa9_0/libsrc/uartps_v3_11/src

make -C ps7_cortexa9_0/libsrc/uartps_v3_11/src -s include  "SHELL=/bin/sh" "COMPILER=arm-none-eabi-gcc" "ASSEMBLER=arm-none-eab
i-as" "ARCHIVER=arm-none-eabi-ar" "COMPILER_FLAGS=  -O2 -c" "EXTRA_COMPILER_FLAGS=-mcpu=cortex-a9 -mfpu=vfpv3 -mfloat-abi=hard 
-nostartfiles -g -Wall -Wextra -fno-tree-loop-distribute-patterns -pg"

Running Make include in ps7_cortexa9_0/libsrc/scutimer_v2_3/src

make -C ps7_cortexa9_0/libsrc/scutimer_v2_3/src -s include  "SHELL=/bin/sh" "COMPILER=arm-none-eabi-gcc" "ASSEMBLER=arm-none-ea
bi-as" "ARCHIVER=arm-none-eabi-ar" "COMPILER_FLAGS=  -O2 -c" "EXTRA_COMPILER_FLAGS=-mcpu=cortex-a9 -mfpu=vfpv3 -mfloat-abi=hard
 -nostartfiles -g -Wall -Wextra -fno-tree-loop-distribute-patterns -pg"

Running Make include in ps7_cortexa9_0/libsrc/standalone_v7_6/src

make -C ps7_cortexa9_0/libsrc/standalone_v7_6/src -s include  "SHELL=/bin/sh" "COMPILER=arm-none-eabi-gcc" "ASSEMBLER=arm-none-
eabi-as" "ARCHIVER=arm-none-eabi-ar" "COMPILER_FLAGS=  -O2 -c" "EXTRA_COMPILER_FLAGS=-mcpu=cortex-a9 -mfpu=vfpv3 -mfloat-abi=ha
rd -nostartfiles -g -Wall -Wextra -fno-tree-loop-distribute-patterns -pg"

Running Make include in ps7_cortexa9_0/libsrc/coresightps_dcc_v1_8/src

make -C ps7_cortexa9_0/libsrc/coresightps_dcc_v1_8/src -s include  "SHELL=/bin/sh" "COMPILER=arm-none-eabi-gcc" "ASSEMBLER=arm-
none-eabi-as" "ARCHIVER=arm-none-eabi-ar" "COMPILER_FLAGS=  -O2 -c" "EXTRA_COMPILER_FLAGS=-mcpu=cortex-a9 -mfpu=vfpv3 -mfloat-a
bi=hard -nostartfiles -g -Wall -Wextra -fno-tree-loop-distribute-patterns -pg"

Running Make include in ps7_cortexa9_0/libsrc/ddrps_v1_2/src

make -C ps7_cortexa9_0/libsrc/ddrps_v1_2/src -s include  "SHELL=/bin/sh" "COMPILER=arm-none-eabi-gcc" "ASSEMBLER=arm-none-eabi-
as" "ARCHIVER=arm-none-eabi-ar" "COMPILER_FLAGS=  -O2 -c" "EXTRA_COMPILER_FLAGS=-mcpu=cortex-a9 -mfpu=vfpv3 -mfloat-abi=hard -n
ostartfiles -g -Wall -Wextra -fno-tree-loop-distribute-patterns -pg"

Running Make include in ps7_cortexa9_0/libsrc/xadcps_v2_6/src

make -C ps7_cortexa9_0/libsrc/xadcps_v2_6/src -s include  "SHELL=/bin/sh" "COMPILER=arm-none-eabi-gcc" "ASSEMBLER=arm-none-eabi
-as" "ARCHIVER=arm-none-eabi-ar" "COMPILER_FLAGS=  -O2 -c" "EXTRA_COMPILER_FLAGS=-mcpu=cortex-a9 -mfpu=vfpv3 -mfloat-abi=hard -
nostartfiles -g -Wall -Wextra -fno-tree-loop-distribute-patterns -pg"

Running Make include in ps7_cortexa9_0/libsrc/cpu_cortexa9_v2_11/src

make -C ps7_cortexa9_0/libsrc/cpu_cortexa9_v2_11/src -s include  "SHELL=/bin/sh" "COMPILER=arm-none-eabi-gcc" "ASSEMBLER=arm-no
ne-eabi-as" "ARCHIVER=arm-none-eabi-ar" "COMPILER_FLAGS=  -O2 -c" "EXTRA_COMPILER_FLAGS=-mcpu=cortex-a9 -mfpu=vfpv3 -mfloat-abi
=hard -nostartfiles -g -Wall -Wextra -fno-tree-loop-distribute-patterns -pg"

Running Make include in ps7_cortexa9_0/libsrc/qspips_v3_9/src

make -C ps7_cortexa9_0/libsrc/qspips_v3_9/src -s include  "SHELL=/bin/sh" "COMPILER=arm-none-eabi-gcc" "ASSEMBLER=arm-none-eabi
-as" "ARCHIVER=arm-none-eabi-ar" "COMPILER_FLAGS=  -O2 -c" "EXTRA_COMPILER_FLAGS=-mcpu=cortex-a9 -mfpu=vfpv3 -mfloat-abi=hard -
nostartfiles -g -Wall -Wextra -fno-tree-loop-distribute-patterns -pg"

Running Make include in ps7_cortexa9_0/libsrc/dmaps_v2_8/src

make -C ps7_cortexa9_0/libsrc/dmaps_v2_8/src -s include  "SHELL=/bin/sh" "COMPILER=arm-none-eabi-gcc" "ASSEMBLER=arm-none-eabi-
as" "ARCHIVER=arm-none-eabi-ar" "COMPILER_FLAGS=  -O2 -c" "EXTRA_COMPILER_FLAGS=-mcpu=cortex-a9 -mfpu=vfpv3 -mfloat-abi=hard -n
ostartfiles -g -Wall -Wextra -fno-tree-loop-distribute-patterns -pg"

Running Make libs in ps7_cortexa9_0/libsrc/gpiops_v3_9/src

Running Make libs in ps7_cortexa9_0/libsrc/scuwdt_v2_4/src

Running Make libs in ps7_cortexa9_0/libsrc/devcfg_v3_7/src

make -C ps7_cortexa9_0/libsrc/gpiops_v3_9/src -s libs  "SHELL=/bin/sh" "COMPILER=arm-none-eabi-gcc" "ASSEMBLER=arm-none-eabi-as
" "ARCHIVER=arm-none-eabi-ar" "COMPILER_FLAGS=  -O2 -c" "EXTRA_COMPILER_FLAGS=-mcpu=cortex-a9 -mfpu=vfpv3 -mfloat-abi=hard -nos
tartfiles -g -Wall -Wextra -fno-tree-loop-distribute-patterns -pg"

make -C ps7_cortexa9_0/libsrc/scuwdt_v2_4/src -s libs  "SHELL=/bin/sh" "COMPILER=arm-none-eabi-gcc" "ASSEMBLER=arm-none-eabi-as
" "ARCHIVER=arm-none-eabi-ar" "COMPILER_FLAGS=  -O2 -c" "EXTRA_COMPILER_FLAGS=-mcpu=cortex-a9 -mfpu=vfpv3 -mfloat-abi=hard -nos
tartfiles -g -Wall -Wextra -fno-tree-loop-distribute-patterns -pg"

make -C ps7_cortexa9_0/libsrc/devcfg_v3_7/src -s libs  "SHELL=/bin/sh" "COMPILER=arm-none-eabi-gcc" "ASSEMBLER=arm-none-eabi-as
" "ARCHIVER=arm-none-eabi-ar" "COMPILER_FLAGS=  -O2 -c" "EXTRA_COMPILER_FLAGS=-mcpu=cortex-a9 -mfpu=vfpv3 -mfloat-abi=hard -nos
tartfiles -g -Wall -Wextra -fno-tree-loop-distribute-patterns -pg"

Running Make libs in ps7_cortexa9_0/libsrc/scugic_v4_6/src

make -C ps7_cortexa9_0/libsrc/scugic_v4_6/src -s libs  "SHELL=/bin/sh" "COMPILER=arm-none-eabi-gcc" "ASSEMBLER=arm-none-eabi-as
" "ARCHIVER=arm-none-eabi-ar" "COMPILER_FLAGS=  -O2 -c" "EXTRA_COMPILER_FLAGS=-mcpu=cortex-a9 -mfpu=vfpv3 -mfloat-abi=hard -nos
tartfiles -g -Wall -Wextra -fno-tree-loop-distribute-patterns -pg"

Running Make libs in ps7_cortexa9_0/libsrc/uartps_v3_11/src

make -C ps7_cortexa9_0/libsrc/uartps_v3_11/src -s libs  "SHELL=/bin/sh" "COMPILER=arm-none-eabi-gcc" "ASSEMBLER=arm-none-eabi-a
s" "ARCHIVER=arm-none-eabi-ar" "COMPILER_FLAGS=  -O2 -c" "EXTRA_COMPILER_FLAGS=-mcpu=cortex-a9 -mfpu=vfpv3 -mfloat-abi=hard -no
startfiles -g -Wall -Wextra -fno-tree-loop-distribute-patterns -pg"

Running Make libs in ps7_cortexa9_0/libsrc/scutimer_v2_3/src

make -C ps7_cortexa9_0/libsrc/scutimer_v2_3/src -s libs  "SHELL=/bin/sh" "COMPILER=arm-none-eabi-gcc" "ASSEMBLER=arm-none-eabi-
as" "ARCHIVER=arm-none-eabi-ar" "COMPILER_FLAGS=  -O2 -c" "EXTRA_COMPILER_FLAGS=-mcpu=cortex-a9 -mfpu=vfpv3 -mfloat-abi=hard -n
ostartfiles -g -Wall -Wextra -fno-tree-loop-distribute-patterns -pg"

Running Make libs in ps7_cortexa9_0/libsrc/standalone_v7_6/src

make -C ps7_cortexa9_0/libsrc/standalone_v7_6/src -s libs  "SHELL=/bin/sh" "COMPILER=arm-none-eabi-gcc" "ASSEMBLER=arm-none-eab
i-as" "ARCHIVER=arm-none-eabi-ar" "COMPILER_FLAGS=  -O2 -c" "EXTRA_COMPILER_FLAGS=-mcpu=cortex-a9 -mfpu=vfpv3 -mfloat-abi=hard 
-nostartfiles -g -Wall -Wextra -fno-tree-loop-distribute-patterns -pg"

Running Make libs in ps7_cortexa9_0/libsrc/coresightps_dcc_v1_8/src

make -C ps7_cortexa9_0/libsrc/coresightps_dcc_v1_8/src -s libs  "SHELL=/bin/sh" "COMPILER=arm-none-eabi-gcc" "ASSEMBLER=arm-non
e-eabi-as" "ARCHIVER=arm-none-eabi-ar" "COMPILER_FLAGS=  -O2 -c" "EXTRA_COMPILER_FLAGS=-mcpu=cortex-a9 -mfpu=vfpv3 -mfloat-abi=
hard -nostartfiles -g -Wall -Wextra -fno-tree-loop-distribute-patterns -pg"

Running Make libs in ps7_cortexa9_0/libsrc/ddrps_v1_2/src

make -C ps7_cortexa9_0/libsrc/ddrps_v1_2/src -s libs  "SHELL=/bin/sh" "COMPILER=arm-none-eabi-gcc" "ASSEMBLER=arm-none-eabi-as"
 "ARCHIVER=arm-none-eabi-ar" "COMPILER_FLAGS=  -O2 -c" "EXTRA_COMPILER_FLAGS=-mcpu=cortex-a9 -mfpu=vfpv3 -mfloat-abi=hard -nost
artfiles -g -Wall -Wextra -fno-tree-loop-distribute-patterns -pg"

Running Make libs in ps7_cortexa9_0/libsrc/xadcps_v2_6/src

make -C ps7_cortexa9_0/libsrc/xadcps_v2_6/src -s libs  "SHELL=/bin/sh" "COMPILER=arm-none-eabi-gcc" "ASSEMBLER=arm-none-eabi-as
" "ARCHIVER=arm-none-eabi-ar" "COMPILER_FLAGS=  -O2 -c" "EXTRA_COMPILER_FLAGS=-mcpu=cortex-a9 -mfpu=vfpv3 -mfloat-abi=hard -nos
tartfiles -g -Wall -Wextra -fno-tree-loop-distribute-patterns -pg"

Running Make libs in ps7_cortexa9_0/libsrc/cpu_cortexa9_v2_11/src

make -C ps7_cortexa9_0/libsrc/cpu_cortexa9_v2_11/src -s libs  "SHELL=/bin/sh" "COMPILER=arm-none-eabi-gcc" "ASSEMBLER=arm-none-
eabi-as" "ARCHIVER=arm-none-eabi-ar" "COMPILER_FLAGS=  -O2 -c" "EXTRA_COMPILER_FLAGS=-mcpu=cortex-a9 -mfpu=vfpv3 -mfloat-abi=ha
rd -nostartfiles -g -Wall -Wextra -fno-tree-loop-distribute-patterns -pg"

Running Make libs in ps7_cortexa9_0/libsrc/qspips_v3_9/src

make -C ps7_cortexa9_0/libsrc/qspips_v3_9/src -s libs  "SHELL=/bin/sh" "COMPILER=arm-none-eabi-gcc" "ASSEMBLER=arm-none-eabi-as
" "ARCHIVER=arm-none-eabi-ar" "COMPILER_FLAGS=  -O2 -c" "EXTRA_COMPILER_FLAGS=-mcpu=cortex-a9 -mfpu=vfpv3 -mfloat-abi=hard -nos
tartfiles -g -Wall -Wextra -fno-tree-loop-distribute-patterns -pg"

Running Make libs in ps7_cortexa9_0/libsrc/dmaps_v2_8/src

make -C ps7_cortexa9_0/libsrc/dmaps_v2_8/src -s libs  "SHELL=/bin/sh" "COMPILER=arm-none-eabi-gcc" "ASSEMBLER=arm-none-eabi-as"
 "ARCHIVER=arm-none-eabi-ar" "COMPILER_FLAGS=  -O2 -c" "EXTRA_COMPILER_FLAGS=-mcpu=cortex-a9 -mfpu=vfpv3 -mfloat-abi=hard -nost
artfiles -g -Wall -Wextra -fno-tree-loop-distribute-patterns -pg"

xtime_l.c:45:9: note: '#pragma message: For the sleep routines, Global timer is being used'
   45 | #pragma message ("For the sleep routines, Global timer is being used")
      |         ^~~~~~~
/opt/Xilinx/Vitis/2021.2/gnu/aarch32/lin/gcc-arm-none-eabi/bin/../x86_64-oesdk-linux/usr/bin/arm-xilinx-eabi/arm-xilinx-eabi-ar.real: creating ../../../../lib/libxil.a
Finished building libraries parallelly.

make --no-print-directory archive

arm-none-eabi-ar -r  ps7_cortexa9_0/lib/libxil.a ps7_cortexa9_0/lib/xuartps_intr.o ps7_cortexa9_0/lib/xil_util.o ps7_cortexa9_0
/lib/abort.o ps7_cortexa9_0/lib/xdevcfg_hw.o ps7_cortexa9_0/lib/xscugic_selftest.o ps7_cortexa9_0/lib/asm_vectors.o ps7_cortexa
9_0/lib/xplatform_info.o ps7_cortexa9_0/lib/xl2cc_counter.o ps7_cortexa9_0/lib/xtime_l.o ps7_cortexa9_0/lib/fstat.o ps7_cortexa
9_0/lib/xgpiops_hw.o ps7_cortexa9_0/lib/read.o ps7_cortexa9_0/lib/lseek.o ps7_cortexa9_0/lib/xadcps_intr.o ps7_cortexa9_0/lib/x
uartps_hw.o ps7_cortexa9_0/lib/xuartps_selftest.o ps7_cortexa9_0/lib/xdmaps.o ps7_cortexa9_0/lib/outbyte.o ps7_cortexa9_0/lib/f
cntl.o ps7_cortexa9_0/lib/xuartps_sinit.o ps7_cortexa9_0/lib/xscugic_sinit.o ps7_cortexa9_0/lib/xgpiops_intr.o ps7_cortexa9_0/l
ib/xil_misc_psreset_api.o ps7_cortexa9_0/lib/xadcps.o ps7_cortexa9_0/lib/kill.o ps7_cortexa9_0/lib/xil_sleepcommon.o ps7_cortex
a9_0/lib/xscugic_g.o ps7_cortexa9_0/lib/vectors.o ps7_cortexa9_0/lib/cpu_init.o ps7_cortexa9_0/lib/boot.o ps7_cortexa9_0/lib/xi
l_clocking.o ps7_cortexa9_0/lib/write.o ps7_cortexa9_0/lib/open.o ps7_cortexa9_0/lib/translation_table.o ps7_cortexa9_0/lib/xgp
iops_selftest.o ps7_cortexa9_0/lib/xil_spinlock.o ps7_cortexa9_0/lib/xqspips_g.o ps7_cortexa9_0/lib/xscugic_intr.o ps7_cortexa9
_0/lib/unlink.o ps7_cortexa9_0/lib/xgpiops_g.o ps7_cortexa9_0/lib/xqspips_hw.o ps7_cortexa9_0/lib/print.o ps7_cortexa9_0/lib/cp
putest_time.o ps7_cortexa9_0/lib/xdevcfg_g.o ps7_cortexa9_0/lib/xscutimer_selftest.o ps7_cortexa9_0/lib/xdmaps_selftest.o ps7_c
ortexa9_0/lib/getpid.o ps7_cortexa9_0/lib/xil_testio.o ps7_cortexa9_0/lib/usleep.o ps7_cortexa9_0/lib/xil_cache.o ps7_cortexa9_
0/lib/xscutimer_sinit.o ps7_cortexa9_0/lib/xdmaps_sinit.o ps7_cortexa9_0/lib/xscutimer_g.o ps7_cortexa9_0/lib/xdevcfg.o ps7_cor
texa9_0/lib/sleep.o ps7_cortexa9_0/lib/isatty.o ps7_cortexa9_0/lib/xdmaps_g.o ps7_cortexa9_0/lib/time.o ps7_cortexa9_0/lib/xil_
mem.o ps7_cortexa9_0/lib/xqspips_options.o ps7_cortexa9_0/lib/xqspips.o ps7_cortexa9_0/lib/xscuwdt_g.o ps7_cortexa9_0/lib/xadcp
s_selftest.o ps7_cortexa9_0/lib/xil_printf.o ps7_cortexa9_0/lib/close.o ps7_cortexa9_0/lib/_open.o ps7_cortexa9_0/lib/xadcps_si
nit.o ps7_cortexa9_0/lib/xadcps_g.o ps7_cortexa9_0/lib/xscugic_hw.o ps7_cortexa9_0/lib/xil-crt0.o ps7_cortexa9_0/lib/xcoresight
psdcc.o ps7_cortexa9_0/lib/xscugic.o ps7_cortexa9_0/lib/xscuwdt_selftest.o ps7_cortexa9_0/lib/_exit.o ps7_cortexa9_0/lib/putnum
.o ps7_cortexa9_0/lib/xgpiops_sinit.o ps7_cortexa9_0/lib/xqspips_selftest.o ps7_cortexa9_0/lib/xil_testmem.o ps7_cortexa9_0/lib
/errno.o ps7_cortexa9_0/lib/xil_exception.o ps7_cortexa9_0/lib/xuartps_g.o ps7_cortexa9_0/lib/xil_sleeptimer.o ps7_cortexa9_0/l
ib/_sbrk.o ps7_cortexa9_0/lib/xuartps_options.o ps7_cortexa9_0/lib/xdevcfg_intr.o ps7_cortexa9_0/lib/xqspips_sinit.o ps7_cortex
a9_0/lib/xgpiops.o ps7_cortexa9_0/lib/sbrk.o ps7_cortexa9_0/lib/xscuwdt_sinit.o ps7_cortexa9_0/lib/xpm_counter.o ps7_cortexa9_0
/lib/inbyte.o ps7_cortexa9_0/lib/xdevcfg_selftest.o ps7_cortexa9_0/lib/xscuwdt.o ps7_cortexa9_0/lib/xil_mmu.o ps7_cortexa9_0/li
b/xscutimer.o ps7_cortexa9_0/lib/xdmaps_hw.o ps7_cortexa9_0/lib/xdevcfg_sinit.o ps7_cortexa9_0/lib/xil_testcache.o ps7_cortexa9
_0/lib/xil_assert.o ps7_cortexa9_0/lib/xuartps.o

Finished building libraries

17:34:10 **** Clean-only build of configuration Debug for project lab3 ****
make clean 
rm -rf  ./src/fir.o ./src/lab3.o ./src/platform.o  ./src/fir.d ./src/lab3.d ./src/platform.d  lab3.elf.size  lab3.elf
 
17:34:12 **** Build of configuration Debug for project lab3 ****
make all 
make --no-print-directory pre-build
a9-linaro-pre-build-step
 
make --no-print-directory main-build
Building file: ../src/fir.c
Invoking: ARM v7 gcc compiler
arm-none-eabi-gcc -DSW_PROFILE -Wall -O0 -g3 -pg -c -fmessage-length=0 -MT"src/fir.o" -mcpu=cortex-a9 -mfpu=vfpv3 -mfloat-abi=hard -I/home/ispr/Documentos/ispr/tutorials/lab3/sw/workspace/system_platform/export/system_platform/sw/system_platform/standalone_ps7_cortexa9_0/bspinclude/include -MMD -MP -MF"src/fir.d" -MT"src/fir.o" -o "src/fir.o" "../src/fir.c"
../src/fir.c: In function 'fir_software':
../src/fir.c:17:3: warning: label 'loop' defined but not used [-Wunused-label]
   17 |   loop: for (i=N-1;i>=0;i--) {
      |   ^~~~
Finished building: ../src/fir.c
 
Building file: ../src/lab3.c
Invoking: ARM v7 gcc compiler
arm-none-eabi-gcc -DSW_PROFILE -Wall -O0 -g3 -pg -c -fmessage-length=0 -MT"src/lab3.o" -mcpu=cortex-a9 -mfpu=vfpv3 -mfloat-abi=hard -I/home/ispr/Documentos/ispr/tutorials/lab3/sw/workspace/system_platform/export/system_platform/sw/system_platform/standalone_ps7_cortexa9_0/bspinclude/include -MMD -MP -MF"src/lab3.d" -MT"src/lab3.o" -o "src/lab3.o" "../src/lab3.c"
Finished building: ../src/lab3.c
 
Building file: ../src/platform.c
Invoking: ARM v7 gcc compiler
arm-none-eabi-gcc -DSW_PROFILE -Wall -O0 -g3 -pg -c -fmessage-length=0 -MT"src/platform.o" -mcpu=cortex-a9 -mfpu=vfpv3 -mfloat-abi=hard -I/home/ispr/Documentos/ispr/tutorials/lab3/sw/workspace/system_platform/export/system_platform/sw/system_platform/standalone_ps7_cortexa9_0/bspinclude/include -MMD -MP -MF"src/platform.d" -MT"src/platform.o" -o "src/platform.o" "../src/platform.c"
Finished building: ../src/platform.c
 
Building target: lab3.elf
Invoking: ARM v7 gcc linker
arm-none-eabi-gcc -mcpu=cortex-a9 -mfpu=vfpv3 -mfloat-abi=hard -Wl,-build-id=none -specs=Xilinx.spec -Wl,-T -Wl,../src/lscript.ld -L/home/ispr/Documentos/ispr/tutorials/lab3/sw/workspace/system_platform/export/system_platform/sw/system_platform/standalone_ps7_cortexa9_0/bsplib/lib -o "lab3.elf"  ./src/fir.o ./src/lab3.o ./src/platform.o   -Wl,--start-group,-lxil,-lgcc,-lc,--end-group
Finished building target: lab3.elf
 
Invoking: ARM v7 Print Size
arm-none-eabi-size lab3.elf  |tee "lab3.elf.size"
   text	   data	    bss	    dec	    hex	filename
  30510	   1944	  22696	  55150	   d76e	lab3.elf
Finished building: lab3.elf.size
 
