18:08:47 **** Incremental Build of configuration Debug for project lab2 ****
make all 
make --no-print-directory pre-build
a9-linaro-pre-build-step
 
make --no-print-directory main-build
Building file: ../src/helloworld.c
Invoking: ARM v7 gcc compiler
arm-none-eabi-gcc -Wall -O0 -g3 -c -fmessage-length=0 -MT"src/helloworld.o" -mcpu=cortex-a9 -mfpu=vfpv3 -mfloat-abi=hard -I/home/ispr/Documentos/ispr/tutorials/lab2/sw/workspace/system_platform/export/system_platform/sw/system_platform/standalone_ps7_cortexa9_0/bspinclude/include -MMD -MP -MF"src/helloworld.d" -MT"src/helloworld.o" -o "src/helloworld.o" "../src/helloworld.c"
Finished building: ../src/helloworld.c
 
Building file: ../src/platform.c
Invoking: ARM v7 gcc compiler
arm-none-eabi-gcc -Wall -O0 -g3 -c -fmessage-length=0 -MT"src/platform.o" -mcpu=cortex-a9 -mfpu=vfpv3 -mfloat-abi=hard -I/home/ispr/Documentos/ispr/tutorials/lab2/sw/workspace/system_platform/export/system_platform/sw/system_platform/standalone_ps7_cortexa9_0/bspinclude/include -MMD -MP -MF"src/platform.d" -MT"src/platform.o" -o "src/platform.o" "../src/platform.c"
Finished building: ../src/platform.c
 
Building target: lab2.elf
Invoking: ARM v7 gcc linker
arm-none-eabi-gcc -mcpu=cortex-a9 -mfpu=vfpv3 -mfloat-abi=hard -Wl,-build-id=none -specs=Xilinx.spec -Wl,-T -Wl,../src/lscript.ld -L/home/ispr/Documentos/ispr/tutorials/lab2/sw/workspace/system_platform/export/system_platform/sw/system_platform/standalone_ps7_cortexa9_0/bsplib/lib -o "lab2.elf"  ./src/helloworld.o ./src/platform.o   -Wl,--start-group,-lxil,-lgcc,-lc,--end-group
Finished building target: lab2.elf
 
Invoking: ARM v7 Print Size
arm-none-eabi-size lab2.elf  |tee "lab2.elf.size"
   text	   data	    bss	    dec	    hex	filename
  23672	   1176	  22584	  47432	   b948	lab2.elf
Finished building: lab2.elf.size
 

18:08:47 Build Finished (took 815ms)

