Nothing to build in platform 'system_platform'

16:25:49 **** Build of configuration Debug for project lab4 ****
make all 
make --no-print-directory pre-build
a9-linaro-pre-build-step
 
make --no-print-directory main-build
Building file: ../src/helloworld.c
Invoking: ARM v7 gcc compiler
arm-none-eabi-gcc -Wall -O0 -g3 -c -fmessage-length=0 -MT"src/helloworld.o" -mcpu=cortex-a9 -mfpu=vfpv3 -mfloat-abi=hard -I/home/ispr/Documentos/ispr/tutorials/lab4/sw/workspace/system_platform/export/system_platform/sw/system_platform/standalone_ps7_cortexa9_0/bspinclude/include -MMD -MP -MF"src/helloworld.d" -MT"src/helloworld.o" -o "src/helloworld.o" "../src/helloworld.c"
Finished building: ../src/helloworld.c
 
Building file: ../src/platform.c
Invoking: ARM v7 gcc compiler
arm-none-eabi-gcc -Wall -O0 -g3 -c -fmessage-length=0 -MT"src/platform.o" -mcpu=cortex-a9 -mfpu=vfpv3 -mfloat-abi=hard -I/home/ispr/Documentos/ispr/tutorials/lab4/sw/workspace/system_platform/export/system_platform/sw/system_platform/standalone_ps7_cortexa9_0/bspinclude/include -MMD -MP -MF"src/platform.d" -MT"src/platform.o" -o "src/platform.o" "../src/platform.c"
Finished building: ../src/platform.c
 
Building target: lab4.elf
Invoking: ARM v7 gcc linker
arm-none-eabi-gcc -mcpu=cortex-a9 -mfpu=vfpv3 -mfloat-abi=hard -Wl,-build-id=none -specs=Xilinx.spec -Wl,-T -Wl,../src/lscript.ld -L/home/ispr/Documentos/ispr/tutorials/lab4/sw/workspace/system_platform/export/system_platform/sw/system_platform/standalone_ps7_cortexa9_0/bsplib/lib -o "lab4.elf"  ./src/helloworld.o ./src/platform.o   -Wl,--start-group,-lxil,-lgcc,-lc,--end-group
Finished building target: lab4.elf
 
Invoking: ARM v7 Print Size
arm-none-eabi-size lab4.elf  |tee "lab4.elf.size"
   text	   data	    bss	    dec	    hex	filename
  28306	   1192	  22584	  52082	   cb72	lab4.elf
Finished building: lab4.elf.size
 
16:39:58 **** Clean-only build of configuration Debug for project lab4 ****
make clean 
rm -rf  ./src/helloworld.o ./src/platform.o  ./src/helloworld.d ./src/platform.d  lab4.elf.size  lab4.elf
 
Nothing to build in platform 'system_platform'

16:40:00 **** Build of configuration Debug for project lab4 ****
make all 
make --no-print-directory pre-build
a9-linaro-pre-build-step
 
make --no-print-directory main-build
Building file: ../src/helloworld.c
Invoking: ARM v7 gcc compiler
arm-none-eabi-gcc -Wall -O0 -g3 -c -fmessage-length=0 -MT"src/helloworld.o" -mcpu=cortex-a9 -mfpu=vfpv3 -mfloat-abi=hard -I/home/ispr/Documentos/ispr/tutorials/lab4/sw/workspace/system_platform/export/system_platform/sw/system_platform/standalone_ps7_cortexa9_0/bspinclude/include -MMD -MP -MF"src/helloworld.d" -MT"src/helloworld.o" -o "src/helloworld.o" "../src/helloworld.c"
Finished building: ../src/helloworld.c
 
Building file: ../src/platform.c
Invoking: ARM v7 gcc compiler
arm-none-eabi-gcc -Wall -O0 -g3 -c -fmessage-length=0 -MT"src/platform.o" -mcpu=cortex-a9 -mfpu=vfpv3 -mfloat-abi=hard -I/home/ispr/Documentos/ispr/tutorials/lab4/sw/workspace/system_platform/export/system_platform/sw/system_platform/standalone_ps7_cortexa9_0/bspinclude/include -MMD -MP -MF"src/platform.d" -MT"src/platform.o" -o "src/platform.o" "../src/platform.c"
Finished building: ../src/platform.c
 
Building target: lab4.elf
Invoking: ARM v7 gcc linker
arm-none-eabi-gcc -mcpu=cortex-a9 -mfpu=vfpv3 -mfloat-abi=hard -Wl,-build-id=none -specs=Xilinx.spec -Wl,-T -Wl,../src/lscript.ld -L/home/ispr/Documentos/ispr/tutorials/lab4/sw/workspace/system_platform/export/system_platform/sw/system_platform/standalone_ps7_cortexa9_0/bsplib/lib -o "lab4.elf"  ./src/helloworld.o ./src/platform.o   -Wl,--start-group,-lxil,-lgcc,-lc,--end-group
Finished building target: lab4.elf
 
Invoking: ARM v7 Print Size
arm-none-eabi-size lab4.elf  |tee "lab4.elf.size"
   text	   data	    bss	    dec	    hex	filename
  28306	   1192	  22584	  52082	   cb72	lab4.elf
Finished building: lab4.elf.size
 
16:40:03 **** Incremental Build of configuration Debug for project lab4_system ****
make all 
Generating bif file for the system project
Executing command '::scw::generate_bif -xpfm /home/ispr/Documentos/ispr/tutorials/lab4/sw/workspace/system_platform/export/system_platform/system_platform.xpfm -domains standalone_ps7_cortexa9_0 -bifpath /home/ispr/Documentos/ispr/tutorials/lab4/sw/workspace/lab4_system/Debug/system.bif' on XSCT
sdcard_gen --xpfm /home/ispr/Documentos/ispr/tutorials/lab4/sw/workspace/system_platform/export/system_platform/system_platform.xpfm --sys_config system_platform --bif /home/ispr/Documentos/ispr/tutorials/lab4/sw/workspace/lab4_system/Debug/system.bif --bitstream /home/ispr/Documentos/ispr/tutorials/lab4/sw/workspace/lab4/_ide/bitstream/system_wrapper.bit --elf /home/ispr/Documentos/ispr/tutorials/lab4/sw/workspace/lab4/Debug/lab4.elf,ps7_cortexa9_0
creating BOOT.BIN using /home/ispr/Documentos/ispr/tutorials/lab4/sw/workspace/lab4/_ide/bitstream/system_wrapper.bit
Running /opt/Xilinx/Vitis/2021.2/bin/bootgen  -image /home/ispr/Documentos/ispr/tutorials/lab4/sw/workspace/lab4_system/Debug/sd_card_temp/boot.bif -w -o i BOOT.BIN
16:41:03 **** Clean-only build of configuration Debug for project lab4 ****
make clean 
rm -rf  ./src/helloworld.o ./src/platform.o  ./src/helloworld.d ./src/platform.d  lab4.elf.size  lab4.elf
 
Nothing to build in platform 'system_platform'

16:41:05 **** Build of configuration Debug for project lab4 ****
make all 
make --no-print-directory pre-build
a9-linaro-pre-build-step
 
make --no-print-directory main-build
Building file: ../src/helloworld.c
Invoking: ARM v7 gcc compiler
arm-none-eabi-gcc -Wall -O0 -g3 -c -fmessage-length=0 -MT"src/helloworld.o" -mcpu=cortex-a9 -mfpu=vfpv3 -mfloat-abi=hard -I/home/ispr/Documentos/ispr/tutorials/lab4/sw/workspace/system_platform/export/system_platform/sw/system_platform/standalone_ps7_cortexa9_0/bspinclude/include -MMD -MP -MF"src/helloworld.d" -MT"src/helloworld.o" -o "src/helloworld.o" "../src/helloworld.c"
Finished building: ../src/helloworld.c
 
Building file: ../src/platform.c
Invoking: ARM v7 gcc compiler
arm-none-eabi-gcc -Wall -O0 -g3 -c -fmessage-length=0 -MT"src/platform.o" -mcpu=cortex-a9 -mfpu=vfpv3 -mfloat-abi=hard -I/home/ispr/Documentos/ispr/tutorials/lab4/sw/workspace/system_platform/export/system_platform/sw/system_platform/standalone_ps7_cortexa9_0/bspinclude/include -MMD -MP -MF"src/platform.d" -MT"src/platform.o" -o "src/platform.o" "../src/platform.c"
Finished building: ../src/platform.c
 
Building target: lab4.elf
Invoking: ARM v7 gcc linker
arm-none-eabi-gcc -mcpu=cortex-a9 -mfpu=vfpv3 -mfloat-abi=hard -Wl,-build-id=none -specs=Xilinx.spec -Wl,-T -Wl,../src/lscript.ld -L/home/ispr/Documentos/ispr/tutorials/lab4/sw/workspace/system_platform/export/system_platform/sw/system_platform/standalone_ps7_cortexa9_0/bsplib/lib -o "lab4.elf"  ./src/helloworld.o ./src/platform.o   -Wl,--start-group,-lxil,-lgcc,-lc,--end-group
Finished building target: lab4.elf
 
Invoking: ARM v7 Print Size
arm-none-eabi-size lab4.elf  |tee "lab4.elf.size"
   text	   data	    bss	    dec	    hex	filename
  28306	   1192	  22576	  52074	   cb6a	lab4.elf
Finished building: lab4.elf.size
 
16:41:07 **** Incremental Build of configuration Debug for project lab4_system ****
make all 
Generating bif file for the system project
Executing command '::scw::generate_bif -xpfm /home/ispr/Documentos/ispr/tutorials/lab4/sw/workspace/system_platform/export/system_platform/system_platform.xpfm -domains standalone_ps7_cortexa9_0 -bifpath /home/ispr/Documentos/ispr/tutorials/lab4/sw/workspace/lab4_system/Debug/system.bif' on XSCT
sdcard_gen --xpfm /home/ispr/Documentos/ispr/tutorials/lab4/sw/workspace/system_platform/export/system_platform/system_platform.xpfm --sys_config system_platform --bif /home/ispr/Documentos/ispr/tutorials/lab4/sw/workspace/lab4_system/Debug/system.bif --bitstream /home/ispr/Documentos/ispr/tutorials/lab4/sw/workspace/lab4/_ide/bitstream/system_wrapper.bit --elf /home/ispr/Documentos/ispr/tutorials/lab4/sw/workspace/lab4/Debug/lab4.elf,ps7_cortexa9_0
creating BOOT.BIN using /home/ispr/Documentos/ispr/tutorials/lab4/sw/workspace/lab4/_ide/bitstream/system_wrapper.bit
Running /opt/Xilinx/Vitis/2021.2/bin/bootgen  -image /home/ispr/Documentos/ispr/tutorials/lab4/sw/workspace/lab4_system/Debug/sd_card_temp/boot.bif -w -o i BOOT.BIN
